// Jest Snapshot v1, https://goo.gl/fbAQLP

exports[`Tooltip should render the hidden tooltip Tooltip 1`] = `
Object {
  "asFragment": [Function],
  "baseElement": <body>
    <div>
      <div
        class="flex flex-1"
      >
        <div
          id="child"
        >
          Foo
        </div>
      </div>
      <div
        class="hidden"
      >
        <div
          class="absolute z-50 pt-9 -ml-8"
        >
          <svg
            class="text-black bottom-full"
            height="10px"
            width="10px"
            x="0px"
            xml:space="preserve"
            y="0px"
          >
            <polygon
              class="fill-current"
              points="0,10 5,5 10,10"
            />
          </svg>
          <div
            class="bg-black z-50 text-sm -ml-3 rounded text-white p-1 pl-2 pr-2 "
          >
            Tooltip
          </div>
        </div>
      </div>
    </div>
  </body>,
  "container": <div>
    <div
      class="flex flex-1"
    >
      <div
        id="child"
      >
        Foo
      </div>
    </div>
    <div
      class="hidden"
    >
      <div
        class="absolute z-50 pt-9 -ml-8"
      >
        <svg
          class="text-black bottom-full"
          height="10px"
          width="10px"
          x="0px"
          xml:space="preserve"
          y="0px"
        >
          <polygon
            class="fill-current"
            points="0,10 5,5 10,10"
          />
        </svg>
        <div
          class="bg-black z-50 text-sm -ml-3 rounded text-white p-1 pl-2 pr-2 "
        >
          Tooltip
        </div>
      </div>
    </div>
  </div>,
  "debug": [Function],
  "findAllByAltText": [Function],
  "findAllByDisplayValue": [Function],
  "findAllByLabelText": [Function],
  "findAllByPlaceholderText": [Function],
  "findAllByRole": [Function],
  "findAllByTestId": [Function],
  "findAllByText": [Function],
  "findAllByTitle": [Function],
  "findByAltText": [Function],
  "findByDisplayValue": [Function],
  "findByLabelText": [Function],
  "findByPlaceholderText": [Function],
  "findByRole": [Function],
  "findByTestId": [Function],
  "findByText": [Function],
  "findByTitle": [Function],
  "getAllByAltText": [Function],
  "getAllByDisplayValue": [Function],
  "getAllByLabelText": [Function],
  "getAllByPlaceholderText": [Function],
  "getAllByRole": [Function],
  "getAllByTestId": [Function],
  "getAllByText": [Function],
  "getAllByTitle": [Function],
  "getByAltText": [Function],
  "getByDisplayValue": [Function],
  "getByLabelText": [Function],
  "getByPlaceholderText": [Function],
  "getByRole": [Function],
  "getByTestId": [Function],
  "getByText": [Function],
  "getByTitle": [Function],
  "queryAllByAltText": [Function],
  "queryAllByDisplayValue": [Function],
  "queryAllByLabelText": [Function],
  "queryAllByPlaceholderText": [Function],
  "queryAllByRole": [Function],
  "queryAllByTestId": [Function],
  "queryAllByText": [Function],
  "queryAllByTitle": [Function],
  "queryByAltText": [Function],
  "queryByDisplayValue": [Function],
  "queryByLabelText": [Function],
  "queryByPlaceholderText": [Function],
  "queryByRole": [Function],
  "queryByTestId": [Function],
  "queryByText": [Function],
  "queryByTitle": [Function],
  "rerender": [Function],
  "unmount": [Function],
}
`;
